'bc'
'12'
'utf8'
'binascii'

b'not-a-string'[1:3]
'cba'
'mnmnmmnmmnmnnmnnnmn'
'do_not_change'[::-_1]
