token = "hahaha not this"
token = "correct value"

print("correct value")
