builtins.exec("print('hel\"lo')")
builtins.exec(b"print('hel\"lo')")
builtins.exec("print('hel\"lo')")
base64.some_func("AAAA")