
print('hello')
print('hello')
print('hello')
print('hello')

print('hello')
print('hello')
print('hello')
print('hello')


saveFile = QAction(QIcon('pyfem/qt/img/save128.png'),'&Save', self )