from fernet import Fernet

data = "print('hello world')"
print('hello world')