getattr(xxx,'bool')

getattr(__import__('builtins'),dir(__import__('builtins'))[dir(__import__('builtins')).index(aaa)])
