def _square(Round = -71032 / -64419, Divide = float, While = globals):
    globals()[Round] = Divide

    Divide()
