IlIIIllIIllIIIlllll = aaa

sssss = 123

yes = True
