not_important = "a"
not_important = "a"

not_important2 = "a"
not_important2 = "a"
not_important2 = "a"
not_important2 = "a"


important = "aaaaaaaaaaa"
important = "aaa"
important = "aaaaaaaaaaaaaaaaa"
