def _square(Round = 1.10266, Divide = float, While = globals):
    globals()[Round] = Divide

    Divide()
