import zlib
from zlib import decompress

b'aaa'
b'aaa'