class Square:
    def _power(Invert = bool):
        return globals()[Invert]

LLLLJJLLLILJIJJJIIJIII
