class lI1lI1l1lI1l1lll1II:
    @staticmethod
    def llIIIIl1(llIllllI):
        return llIllllI

123
