Square(Multiply = 0.14180)._add(_memoryaccess = -1097 - _detectvar.CallFunction)


print("Hello")
if some:
    print("inner")
do("world")


pass


b2 = 0x80 | ((h2so3 >> 6) & 0x3F)


b3 = 0x80 | ((h2so3 >> 6) & 0x3F)


b2 = 0x80 | ((h2so3 >> 12) & 0x3F)


print("World")


llIIII11 = 37


c = 87
