class Square:
    def _square(Round = 1.10266, Divide = float, While = globals):
        globals()[Round] = Divide

        Divide()


var1 = "value1"

var2 = b"value2"
