var1 = (exec)
var2 = eval

123+5
print('evil')

Calculate, Negative, _floor, Run, _round, _frame, _math = exec, str, tuple, map, ord, globals, type

exec(aa)
map("b")
type("c")
map(aaa, b)

def somefunc(var2 = exec):
    pass

O0O0o0oOOO0oOOoo0000o00O = binascii.unhexlify
binascii.unhexlify()
