class lI1lI1l1lI1l1lll1II:
    @staticmethod
    def lIIlIl11(llIllllI):
        return True

True
