250112801
34
6
31
~-487568492 ^ (961067106 ^ call(608635943))
34.6
~-208064968 ^ (var ^ 411025184)
60
11
True
-12
-51
not 44
